
   Heap Sort C Program
   Size of long (bytes): 8

   Array Size (bytes)
         8192
INFO: base array is properly sorted!
