0: -2, 0
1: 497, -10
2: 0, -2
3: -2, -2
4: 0, 0
5: 0, -3
6: 0, -3
7: 0, -2
8: 0, 0
9: -1, -3
10: 0, -2
11: -1, -2
12: 0, 0
13: 0, -3
14: -2, -3
15: -2, -2
16: 0, 0
17: 0, -1
18: 0, -2
19: -1, -1
20: 0, 0
21: 0, -2
22: 0, -2
23: 0, -1
24: 0, 0
25: -2, -1
26: 0, -2
27: -2, 0
28: 0, 0
29: -1, -2
30: -2, -2
31: -2, -2
32: 0, 0
33: 0, -2
34: 0, 0
35: 0, 0
36: 0, 0
37: 0, -1
38: 0, 0
39: 0, 0
40: 0, 0
41: -1, -3
42: 0, -2
43: 0, 0
44: 0, 0
45: 0, -2
46: -1, -3
47: -2, -2
48: 0, 0
49: 0, -2
50: 0, -3
51: 0, -2
52: 0, 0
53: -1, -2
54: -1, -2
55: 0, -1
56: 0, 0
57: -1, -2
58: -1, -2
59: 0, 0
60: 0, 0
61: -1, -1
62: -1, -1
63: 0, -2
64: 0, 0
65: -1, -1
66: 0, 0
67: 0, 0
68: 0, 0
69: 1, -2
70: 0, 0
71: 0, 0
72: 0, 0
73: 1, -1
74: 1, -2
75: 0, -1
76: 0, 0
77: 1, -2
78: 1, -1
79: 0, 0
80: 0, 0
81: 1, -1
82: 1, -2
83: 1, -1
84: 0, 0
85: 1, -2
86: 1, -2
87: 0, 1
88: 0, 0
89: 1, -1
90: 1, -2
91: -1, -1
92: 0, 0
93: 1, -2
94: 1, -2
95: -1, -1
96: 0, 0
97: 0, 0
98: 0, 0
99: 0, 0
100: 0, 0
101: 0, 0
102: 0, 0
103: 0, 0
104: 0, 0
105: 0, 0
106: 1, -1
107: 0, 0
108: 0, 0
109: 0, 0
110: 0, 0
111: 0, -2
112: 0, 0
113: 1, -1
114: 1, -2
115: 1, -1
116: 0, 0
117: 0, -1
118: 0, -1
119: -1, 0
120: 0, 0
121: 0, 0
122: 0, -1
123: 0, 0
124: 0, 0
125: 0, -1
126: 0, -1
127: 0, -2
128: 0, 0
129: -1, 2
130: 0, 0
131: 0, 0
132: 0, 0
133: 0, 1
134: 0, -1
135: 0, 0
136: 0, 0
137: -1, 1
138: 0, 0
139: -1, 0
140: 0, 0
141: 0, 1
142: 0, 1
143: 0, 0
144: 0, 0
145: 0, 1
146: 0, 0
147: -1, 1
148: 0, 0
149: 0, 0
150: 0, 0
151: 0, -1
152: 0, 0
153: 0, 1
154: 0, 0
155: 0, 0
156: 0, 0
157: 1, 0
158: 0, 0
159: 0, 0
160: 0, 0
161: 0, 2
162: 0, 0
163: 0, 0
164: 0, 0
165: 0, 1
166: 0, 0
167: 0, 0
168: 0, 0
169: -1, 1
170: 0, 2
171: 0, 0
172: 0, 0
173: 0, 2
174: -1, 1
175: 0, 0
176: 0, 0
177: 0, 2
178: 0, 1
179: 0, 2
180: 0, 0
181: -1, 2
182: -1, 2
183: 0, -1
184: 0, 0
185: -1, 0
186: -1, 2
187: 0, 0
188: 0, 0
189: -1, 1
190: -1, 1
191: 0, 0
192: 0, 0
193: 1, 1
194: 0, 0
195: 0, 0
196: 0, 0
197: -1, 0
198: 0, 0
199: 0, 0
200: 0, 0
201: -1, 1
202: -1, 0
203: -2, 1
204: 0, 0
205: -1, 0
206: -1, 1
207: 0, 0
208: 0, 0
209: -1, 1
210: -1, 0
211: -1, 1
212: 0, 0
213: -1, 0
214: -1, 0
215: 0, 1
216: 0, 0
217: -1, 1
218: -1, 0
219: 1, 1
220: 0, 0
221: -1, 0
222: -1, 0
223: 1, 1
224: 0, 0
225: -2, 2
226: 0, 0
227: 0, 0
228: 0, 0
229: 0, 0
230: 0, 0
231: 0, 0
232: 0, 0
233: 0, 0
234: -1, 1
235: 0, 0
236: 0, 0
237: 0, 0
238: 0, 0
239: 0, 2
240: 0, 0
241: -1, 1
242: -1, 0
243: -1, 1
244: 0, 0
245: -2, 1
246: -2, 1
247: -1, 0
248: 0, 0
249: -2, 2
250: -2, 1
251: 0, 0
252: 0, 0
253: -2, 1
254: -2, 1
255: 498, 6
0: 924, -120
1: 1051, -58
2: 1005, -39
3: 1034, -35
4: 1002, -22
5: 999, -33
6: 1005, -29
7: 1035, 4
8: 966, 15
9: 972, -20
10: 973, -9
11: 969, -20
12: 982, -2
13: 960, -2
14: 955, -6
15: 933, 13
16: 915, 6
17: 911, -19
18: 902, -18
19: 900, -14
20: 880, -13
21: 876, -14
22: 859, -13
23: 853, -12
24: 813, -13
25: 836, -16
26: 800, 4
27: 797, -7
28: 781, -5
29: 766, 7
30: 738, 2
31: 735, 3
32: 694, 3
33: 691, -10
34: 674, -17
35: 662, -2
36: 643, -2
37: 623, -13
38: 603, -12
39: 589, -3
40: 554, -7
41: 557, -8
42: 522, -4
43: 499, -6
44: 479, -12
45: 479, -7
46: 457, -6
47: 429, 19
48: 376, 18
49: 367, -12
50: 337, -3
51: 324, -16
52: 308, -4
53: 284, 4
54: 243, 3
55: 228, -7
56: 204, -12
57: 199, -20
58: 166, 2
59: 133, 0
60: 132, -10
61: 86, -2
62: 63, 1
63: 87, -20
64: 42, 48
65: -32, 35
66: -54, 13
67: -82, 14
68: -103, -2
69: -111, 4
70: -140, 2
71: -181, -4
72: -184, -13
73: -209, 7
74: -241, 6
75: -259, 15
76: -298, -4
77: -294, 0
78: -324, 0
79: -342, 3
80: -374, 7
81: -395, 3
82: -431, 3
83: -444, 6
84: -467, 7
85: -490, -5
86: -514, 2
87: -524, -2
88: -544, -1
89: -571, 7
90: -579, -4
91: -605, 14
92: -640, 5
93: -643, -8
94: -658, -7
95: -672, -2
96: -699, -8
97: -712, -1
98: -732, 1
99: -750, -9
100: -755, -6
101: -772, 1
102: -785, 5
103: -811, 6
104: -815, 10
105: -842, -1
106: -856, 2
107: -860, 1
108: -868, 3
109: -884, -2
110: -902, 4
111: -887, -11
112: -914, 5
113: -934, 10
114: -934, -3
115: -950, -8
116: -954, -4
117: -954, -5
118: -958, -4
119: -957, -6
120: -963, 6
121: -977, 13
122: -983, -2
123: -982, 7
124: -988, -1
125: -994, -8
126: -980, -9
127: -971, -1
128: -964, 28
129: -1009, 26
130: -999, 13
131: -1004, 19
132: -1002, 22
133: -997, 13
134: -993, 9
135: -999, 10
136: -980, 11
137: -984, 6
138: -971, 1
139: -963, 8
140: -960, 6
141: -952, 2
142: -947, 16
143: -935, 1
144: -925, 4
145: -925, 9
146: -902, 6
147: -896, 6
148: -878, 9
149: -878, 8
150: -855, 9
151: -847, 14
152: -829, 9
153: -828, 10
154: -804, 2
155: -795, -3
156: -785, 7
157: -762, -3
158: -736, 2
159: -737, -5
160: -698, 15
161: -701, 16
162: -694, 7
163: -666, -2
164: -643, 0
165: -633, 9
166: -613, -2
167: -575, 5
168: -566, 1
169: -561, 4
170: -526, 0
171: -501, -10
172: -485, 2
173: -467, -1
174: -445, -6
175: -429, -11
176: -384, -6
177: -371, 4
178: -345, 3
179: -330, 8
180: -306, 4
181: -284, 2
182: -245, -1
183: -240, 9
184: -216, 8
185: -185, -2
186: -160, 4
187: -131, -10
188: -110, 14
189: -88, -12
190: -61, -5
191: -17, 20
192: -10, 44
193: -18, -3
194: 40, 13
195: 44, 2
196: 95, 2
197: 101, 16
198: 120, 18
199: 137, -10
200: 190, -13
201: 213, 7
202: 231, 2
203: 245, -3
204: 268, 0
205: 278, 0
206: 308, -10
207: 336, -17
208: 376, -17
209: 401, 7
210: 423, 9
211: 432, 2
212: 457, -3
213: 484, 11
214: 502, 2
215: 510, 0
216: 552, 5
217: 555, -1
218: 575, -2
219: 595, -4
220: 636, -7
221: 631, 4
222: 648, 3
223: 666, 4
224: 695, -10
225: 714, -5
226: 744, 9
227: 746, 13
228: 747, 8
229: 774, 3
230: 787, 9
231: 789, -8
232: 819, -4
233: 838, 5
234: 852, 2
235: 854, 15
236: 866, 7
237: 864, 10
238: 882, 8
239: 879, 3
240: 914, -17
241: 930, -2
242: 934, 3
243: 948, 16
244: 944, 4
245: 946, -1
246: 952, 2
247: 961, 4
248: 967, -2
249: 955, 9
250: 969, -4
251: 972, 3
252: 958, -3
253: 988, 22
254: 970, 13
255: 893, 1
