n = 1	E = 0.785398
n = 2	E = 0.392699
n = 3	E = 0.589049
n = 4	E = 0.490874
n = 5	E = 0.441786
n = 6	E = 0.466330
n = 7	E = 0.454058
n = 8	E = 0.447922
n = 9	E = 0.450990
n = 10	E = 0.449456
n = 11	E = 0.448689
n = 12	E = 0.448306
n = 13	E = 0.448498
n = 14	E = 0.448402
n = 15	E = 0.448354
n = 16	E = 0.448378
n = 17	E = 0.448366
n = 18	E = 0.448372
n = 19	E = 0.448375
n = 20	E = 0.448376
