Simulating 100 trials ...
0 wins, 100 losses, 0 draws
(Win/loss = 50/-50, draw = no win/loss in 1000000 plays.)
Average trial length = 101.220000
Site occupancy: 0 mod 3: 32.671409%, 1 mod 3: 37.875320%, 2 mod 3: 29.253112%
