
x+y=0:

A(0,0) = 1

x+y=1:

A(1,0) = 2
A(0,1) = 2

x+y=2:

A(2,0) = 3
A(1,1) = 3
A(0,2) = 3

x+y=3:

A(3,0) = 4
A(2,1) = 4
A(1,2) = 5
A(0,3) = 5

x+y=4:

A(4,0) = 5
A(3,1) = 5
A(2,2) = 7
A(1,3) = 13
A(0,4) = 13

x+y=5:

A(5,0) = 6
A(4,1) = 6
A(3,2) = 9
A(2,3) = 29
A(1,4) = 65533
A(0,5) = 65533
Max recursive depth = 196537
