     1938277
    ________
 27)52333498
    27
    --
    25333498
    243
    ---
     1033498
     81
     --
      223498
      216
      ---
        7498
        54
        --
        2098
        189
        ---
         208
         189
         ---
          19
